BL51 BANKED LINKER/LOCATER V6.22                                                        03/03/2013  17:36:45  PAGE 1


BL51 BANKED LINKER/LOCATER V6.22, INVOKED BY:
C:\KEIL\C51\BIN\BL51.EXE Continuous_Writing_Loading.obj, DAC8541_Ctrl.obj, delaytime.obj, ADC_Ctrl.obj TO Continuous_Wri
>> ting_Loading RAMSIZE (256)


MEMORY MODEL: SMALL


INPUT MODULES INCLUDED:
  Continuous_Writing_Loading.obj (CONTINUOUS_WRITING_LOADING)
  DAC8541_Ctrl.obj (DAC8541_CTRL)
  delaytime.obj (DELAYTIME)
  ADC_Ctrl.obj (ADC_CTRL)
  C:\KEIL\C51\LIB\C51S.LIB (?C_STARTUP)
  C:\KEIL\C51\LIB\C51S.LIB (?C?SLCMP)


LINK MAP OF MODULE:  Continuous_Writing_Loading (CONTINUOUS_WRITING_LOADING)


            TYPE    BASE      LENGTH    RELOCATION   SEGMENT NAME
            -----------------------------------------------------

            * * * * * * *   D A T A   M E M O R Y   * * * * * * *
            REG     0000H     0008H     ABSOLUTE     "REG BANK 0"
            DATA    0008H     0002H     UNIT         _DATA_GROUP_
            IDATA   000AH     0001H     UNIT         ?STACK

            * * * * * * *   C O D E   M E M O R Y   * * * * * * *
            CODE    0000H     0003H     ABSOLUTE     
            CODE    0003H     0018H     UNIT         ?PR?SINGLESHOT_PROCESS?ADC_CTRL
            CODE    001BH     0003H     ABSOLUTE     
            CODE    001EH     009DH     UNIT         ?PR?MAIN?CONTINUOUS_WRITING_LOADING
            CODE    00BBH     0072H     UNIT         ?PR?TIMER1_INT?CONTINUOUS_WRITING_LOADING
            CODE    012DH     001FH     UNIT         ?PR?_DELAY?DELAYTIME
            CODE    014CH     001BH     UNIT         ?PR?_TIMER1_8BIT_AUTO_RELOAD_STARTUP?CONTINUOUS_WRITING_LOADING
            CODE    0167H     001BH     UNIT         ?PR?DAC8541_INIT?DAC8541_CTRL
            CODE    0182H     0016H     UNIT         ?C?LIB_CODE
            CODE    0198H     0011H     UNIT         ?PR?_RESETDAC?DAC8541_CTRL
            CODE    01A9H     0011H     UNIT         ?PR?_WRITEDAC?DAC8541_CTRL
            CODE    01BAH     0011H     UNIT         ?PR?_SINGLESHOT_CONFIG?ADC_CTRL
            CODE    01CBH     000CH     UNIT         ?C_C51STARTUP



OVERLAY MAP OF MODULE:   Continuous_Writing_Loading (CONTINUOUS_WRITING_LOADING)


SEGMENT                                            DATA_GROUP 
  +--> CALLED SEGMENT                            START    LENGTH
----------------------------------------------------------------
?PR?TIMER1_INT?CONTINUOUS_WRITING_LOA...         0008H    0002H
  +--> ?PR?SINGLESHOT_PROCESS?ADC_CTRL
  +--> ?PR?_WRITEDAC?DAC8541_CTRL

*** NEW ROOT ***************************************************

?C_C51STARTUP                                    -----    -----
BL51 BANKED LINKER/LOCATER V6.22                                                      03/03/2013  17:36:45  PAGE 2


  +--> ?PR?MAIN?CONTINUOUS_WRITING_LOADING

?PR?MAIN?CONTINUOUS_WRITING_LOADING              -----    -----
  +--> ?PR?_SINGLESHOT_CONFIG?ADC_CTRL
  +--> ?PR?DAC8541_INIT?DAC8541_CTRL
  +--> ?PR?_DELAY?DELAYTIME
  +--> ?PR?_WRITEDAC?DAC8541_CTRL
  +--> ?PR?_TIMER1_8BIT_AUTO_RELOAD_STARTUP?...

?PR?DAC8541_INIT?DAC8541_CTRL                    -----    -----
  +--> ?PR?_RESETDAC?DAC8541_CTRL



SYMBOL TABLE OF MODULE:  Continuous_Writing_Loading (CONTINUOUS_WRITING_LOADING)

  VALUE           TYPE          NAME
  ----------------------------------

  -------         MODULE        CONTINUOUS_WRITING_LOADING
  C:0000H         SYMBOL        _ICE_DUMMY_
  D:0080H         PUBLIC        P0
  D:0090H         PUBLIC        P1
  C:00BBH         PUBLIC        Timer1_INT
  D:00A0H         PUBLIC        P2
  D:00B0H         PUBLIC        P3
  D:00C0H         PUBLIC        XICON
  D:00E8H         PUBLIC        P4
  D:00A8H         PUBLIC        IE
  D:00B8H         PUBLIC        IP
  D:00D8H         PUBLIC        CCON
  C:001EH         PUBLIC        main
  D:0098H         PUBLIC        SCON
  D:0089H         PUBLIC        TMOD
  D:0088H         PUBLIC        TCON
  D:008DH         PUBLIC        TH1
  D:008BH         PUBLIC        TL1
  B:0088H.6       PUBLIC        TR1
  C:014CH         PUBLIC        _Timer1_8Bit_Auto_Reload_StartUp
  D:00C8H         PUBLIC        T2CON
  D:00A6H         PUBLIC        AUXR2
  D:00D0H         PUBLIC        PSW
  -------         PROC          MAIN
  C:001EH         LINE#         9
  C:001EH         LINE#         11
  C:0027H         LINE#         14
  C:002AH         LINE#         15
  C:002DH         LINE#         16
  C:0030H         LINE#         17
  C:0037H         LINE#         18
  C:003AH         LINE#         19
  C:0041H         LINE#         23
  C:0048H         LINE#         24
  C:004BH         LINE#         25
  C:0052H         LINE#         26
  C:0055H         LINE#         27
  C:005CH         LINE#         30
BL51 BANKED LINKER/LOCATER V6.22                                                      03/03/2013  17:36:45  PAGE 3


  C:0063H         LINE#         31
  C:0066H         LINE#         32
  C:006DH         LINE#         33
  C:0070H         LINE#         34
  C:0077H         LINE#         37
  C:007EH         LINE#         38
  C:0081H         LINE#         39
  C:0088H         LINE#         40
  C:008BH         LINE#         41
  C:0092H         LINE#         44
  C:0099H         LINE#         45
  C:009CH         LINE#         46
  C:00A3H         LINE#         47
  C:00A6H         LINE#         48
  C:00ADH         LINE#         51
  C:00B4H         LINE#         53
  C:00B9H         LINE#         55
  C:00B9H         LINE#         57
  -------         ENDPROC       MAIN
  -------         PROC          _TIMER1_8BIT_AUTO_RELOAD_STARTUP
  D:0007H         SYMBOL        loadLength
  C:014CH         LINE#         60
  C:014CH         LINE#         63
  C:014EH         LINE#         65
  C:0151H         LINE#         68
  C:0154H         LINE#         70
  C:0157H         LINE#         73
  C:015AH         LINE#         75
  C:015DH         LINE#         78
  C:015FH         LINE#         79
  C:0161H         LINE#         82
  C:0164H         LINE#         85
  C:0166H         LINE#         87
  -------         ENDPROC       _TIMER1_8BIT_AUTO_RELOAD_STARTUP
  -------         PROC          TIMER1_INT
  -------         DO            
  D:0008H         SYMBOL        value_get
  -------         ENDDO         
  C:00BBH         LINE#         89
  C:00D8H         LINE#         91
  C:00E9H         LINE#         95
  C:00F8H         LINE#         97
  C:0112H         LINE#         99
  -------         ENDPROC       TIMER1_INT
  -------         ENDMOD        CONTINUOUS_WRITING_LOADING

  -------         MODULE        DAC8541_CTRL
  C:0000H         SYMBOL        _ICE_DUMMY_
  D:0094H         PUBLIC        P0M1
  D:0095H         PUBLIC        P2M0
  D:0080H         PUBLIC        P0
  D:00B1H         PUBLIC        P3M0
  D:0096H         PUBLIC        P2M1
  D:0090H         PUBLIC        P1
  D:00B2H         PUBLIC        P3M1
  D:00A0H         PUBLIC        P2
  D:00B0H         PUBLIC        P3
BL51 BANKED LINKER/LOCATER V6.22                                                      03/03/2013  17:36:45  PAGE 4


  D:00C0H         PUBLIC        XICON
  D:00E8H         PUBLIC        P4
  D:00A8H         PUBLIC        IE
  C:0167H         PUBLIC        DAC8541_Init
  D:00B8H         PUBLIC        IP
  D:00D8H         PUBLIC        CCON
  B:0080H.0       PUBLIC        P00
  B:0080H.1       PUBLIC        P01
  B:0080H.2       PUBLIC        P02
  B:0080H.3       PUBLIC        P03
  B:0080H.4       PUBLIC        P04
  D:0098H         PUBLIC        SCON
  B:0080H.5       PUBLIC        P05
  D:0088H         PUBLIC        TCON
  B:0080H.6       PUBLIC        P06
  B:0080H.7       PUBLIC        P07
  C:0198H         PUBLIC        _ResetDAC
  C:01A9H         PUBLIC        _WriteDAC
  D:00C8H         PUBLIC        T2CON
  D:00D0H         PUBLIC        PSW
  D:0093H         PUBLIC        P0M0
  -------         PROC          DAC8541_INIT
  C:0167H         LINE#         18
  C:0167H         LINE#         21
  C:016AH         LINE#         22
  C:016DH         LINE#         23
  C:016FH         LINE#         24
  C:0171H         LINE#         25
  C:0173H         LINE#         26
  C:0175H         LINE#         29
  C:0177H         LINE#         30
  C:0179H         LINE#         31
  C:017BH         LINE#         32
  C:017DH         LINE#         33
  -------         ENDPROC       DAC8541_INIT
  -------         PROC          _RESETDAC
  D:0007H         SYMBOL        resetMode
  C:0198H         LINE#         37
  C:0198H         LINE#         39
  C:019AH         LINE#         40
  C:01A1H         LINE#         41
  C:01A6H         LINE#         43
  C:01A8H         LINE#         45
  -------         ENDPROC       _RESETDAC
  -------         PROC          _WRITEDAC
  D:0006H         SYMBOL        value
  C:01A9H         LINE#         47
  C:01A9H         LINE#         49
  C:01ABH         LINE#         50
  C:01ADH         LINE#         53
  C:01B0H         LINE#         54
  C:01B3H         LINE#         56
  C:01B5H         LINE#         59
  C:01B7H         LINE#         61
  C:01B9H         LINE#         62
  -------         ENDPROC       _WRITEDAC
  -------         ENDMOD        DAC8541_CTRL
BL51 BANKED LINKER/LOCATER V6.22                                                      03/03/2013  17:36:45  PAGE 5



  -------         MODULE        DELAYTIME
  C:0000H         SYMBOL        _ICE_DUMMY_
  C:012DH         PUBLIC        _delay
  -------         PROC          _DELAY
  D:0006H         SYMBOL        n
  -------         DO            
  D:0004H         SYMBOL        j
  -------         ENDDO         
  C:012DH         LINE#         3
  C:012DH         LINE#         5
  C:0136H         LINE#         6
  C:014BH         LINE#         7
  -------         ENDPROC       _DELAY
  -------         ENDMOD        DELAYTIME

  -------         MODULE        ADC_CTRL
  C:0000H         SYMBOL        _ICE_DUMMY_
  D:0091H         PUBLIC        P1M0
  D:0092H         PUBLIC        P1M1
  D:0080H         PUBLIC        P0
  D:0090H         PUBLIC        P1
  D:00A0H         PUBLIC        P2
  D:00B0H         PUBLIC        P3
  D:00C0H         PUBLIC        XICON
  D:00E8H         PUBLIC        P4
  D:00A8H         PUBLIC        IE
  D:00C6H         PUBLIC        ADCH
  D:00BEH         PUBLIC        ADCL
  D:00B8H         PUBLIC        IP
  D:00D8H         PUBLIC        CCON
  D:0098H         PUBLIC        SCON
  D:0088H         PUBLIC        TCON
  C:01BAH         PUBLIC        _SingleShot_Config
  C:0003H         PUBLIC        SingleShot_Process
  D:00C8H         PUBLIC        T2CON
  D:00C5H         PUBLIC        ADCTL
  D:00D0H         PUBLIC        PSW
  -------         PROC          _SINGLESHOT_CONFIG
  D:0007H         SYMBOL        speed
  D:0005H         SYMBOL        channelUsed
  D:0003H         SYMBOL        currentChannel
  C:01BAH         LINE#         17
  C:01BAH         LINE#         20
  C:01BDH         LINE#         21
  C:01C1H         LINE#         24
  C:01C4H         LINE#         26
  C:01CAH         LINE#         28
  -------         ENDPROC       _SINGLESHOT_CONFIG
  -------         PROC          SINGLESHOT_PROCESS
  C:0003H         LINE#         31
  C:0003H         LINE#         34
  C:0006H         LINE#         36
  C:0006H         LINE#         38
  C:0009H         LINE#         41
  C:001AH         LINE#         43
  -------         ENDPROC       SINGLESHOT_PROCESS
BL51 BANKED LINKER/LOCATER V6.22                                                      03/03/2013  17:36:45  PAGE 6


  -------         ENDMOD        ADC_CTRL

  -------         MODULE        ?C?SLCMP
  C:0182H         PUBLIC        ?C?SLCMP
  -------         ENDMOD        ?C?SLCMP

Program Size: data=11.0 xdata=0 code=471
LINK/LOCATE RUN COMPLETE.  0 WARNING(S),  0 ERROR(S)
